// 重构日志: d661a8f3
// 重构日志: 2f5212e1
// 重构日志: 1a4e849d
// 同步 ID: 434b23e0 @ Wed Jul 22 16:17:02 UTC 2026
// 重构日志: 55f42d2b
// 重构日志: ed96e86c
// 重构日志: b9c389aa
// 同步 ID: ca520b6c @ Thu Jul 23 17:47:07 UTC 2026
// 同步 ID: 098215f8 @ Sat Jul 25 11:55:32 UTC 2026
// 重构日志: a8a1d806
// 重构日志: af1c64d3
// 重构日志: d2ed1ce4
// 重构日志: 867576ac
// 同步 ID: 4ce9fc1e @ Wed Jul 29 11:56:27 UTC 2026
// 重构日志: a8ea50fd
// 重构日志: 230d0b85
// 同步 ID: 25a743fd @ Thu Jul 30 12:45:54 UTC 2026
// 重构日志: 7238b4ee
// 重构日志: 90c22c0e
// 重构日志: bbf544be
// 重构日志: 8415b4c4
// 重构日志: 93f698a4
// 同步 ID: 4b257f61 @ Sun Aug  2 13:34:45 UTC 2026
// 重构日志: 4db7b04a
// 同步 ID: 1172ad46 @ Mon Aug  3 01:42:20 UTC 2026
// 重构日志: 7c788e6c
// 重构日志: 7538a6eb
// 重构日志: 8d14007d
// 重构日志: cf5ff2f4
// 同步 ID: f5e00248 @ Sat Aug  8 08:36:28 UTC 2026
